

> web@0.1.0 build
> next build

[33m[1m⚠[22m[39m Warning: Next.js inferred your workspace root, but it may not be correct.
 We detected multiple lockfiles and selected the directory of /Users/shreyaschate/package-lock.json as the root directory.
 To silence this warning, set `turbopack.root` in your Next.js config, or consider removing one of the lockfiles if it's not needed.
   See https://nextjs.org/docs/app/api-reference/config/next-config-js/turbopack#root-directory for more information.
 Detected additional lockfiles: 
   * /Users/shreyaschate/ezriya-platform-main/package-lock.json

[1m[38;2;173;127;168m▲ Next.js 16.1.6[39m[22m (Turbopack)
- Environments: .env.local

[37m[1m [22m[39m Creating an optimized production build ...
[32m[1m✓[22m[39m Compiled successfully in 1541.9ms
[?25l[37m[1m [22m[39m Running TypeScript  [36m.[39m[2K[1G[1A[2K[1G[37m[1m [22m[39m Running TypeScript  [36m..[39m[2K[1G[1A[2K[1G[37m[1m [22m[39m Running TypeScript  [36m...[39m[2K[1G[1A[2K[1G[37m[1m [22m[39m Running TypeScript  [36m.[39m[2K[1G[1A[2K[1G[37m[1m [22m[39m Running TypeScript  [36m..[39m[2K[1G[1A[2K[1G[37m[1m [22m[39m Running TypeScript  [36m...[39m[2K[1G[1A[2K[1G[37m[1m [22m[39m Running TypeScript  [36m.[39m[2K[1G[1A[2K[1G[37m[1m [22m[39m Running TypeScript  [36m..[39m[2K[1G[1A[2K[1G[37m[1m [22m[39m Running TypeScript  [36m...[39m[2K[1G[1A[2K[1G[37m[1m [22m[39m Running TypeScript  [36m.[39m[2K[1G[1A[2K[1G[37m[1m [22m[39m Running TypeScript  [36m..[39m[2K[1G[1A[2K[1G[?25h[?25l[37m[1m [22m[39m Finished TypeScript in 2.1s  [36m.[39m[2K[1G[1A[2K[1G[?25h[37m[1m [22m[39m Finished TypeScript in 2.1s    [32m[1m✓[22m[39m Finished TypeScript in 2.1s 
[?25l[37m[1m [22m[39m Collecting page data using 11 workers  [36m.[39m[2K[1G[1A[2K[1G[1A[2K[1G[37m[1m [22m[39m Collecting page data using 11 workers  [36m..[39m[2K[1G[1A[2K[1G[1A[2K[1G[?25h[37m[1m [22m[39m Collecting page data using 11 workers in 228.7ms    [32m[1m✓[22m[39m Collecting page data using 11 workers in 228.7ms 
[?25l[37m[1m [22m[39m Generating static pages using 11 workers (0/26)  [36m[    ][39m[2K[1G[1A[2K[1G[1A[2K[1G[?25h[32m[1m✓[22m[39m Generating static pages using 11 workers (26/26) in 143.5ms
[?25l[37m[1m [22m[39m Finalizing page optimization  [36m.[39m[2K[1G[1A[2K[1G[?25h[37m[1m [22m[39m Finalizing page optimization in 11.4ms    [32m[1m✓[22m[39m Finalizing page optimization in 11.4ms 

[4mRoute (app)[24m
┌ ○ /
├ ○ /_not-found
├ ○ /about
├ ○ /button-demo
├ ○ /careers
├ ○ /compliance
├ ○ /contact
├ ○ /dashboard
├ ○ /dashboard/listings
├ ○ /dashboard/market
├ ○ /dashboard/network
├ ○ /dashboard/overview
├ ○ /dashboard/plans
├ ƒ /dashboard/plans/[planId]
├ ○ /explore
├ ○ /explore/agent
├ ƒ /explore/agent/[id]
├ ƒ /explore/agent/listing/[id]
├ ○ /explore/agent/profile
├ ○ /explore/broker
├ ƒ /explore/broker/[id]
├ ○ /explore/vendor
├ ƒ /explore/vendor/[id]
├ ○ /partner-program
├ ○ /press-kit
├ ○ /privacy-policy
├ ○ /security
├ ○ /terms-of-service
└ ○ /testimonial


ƒ Proxy (Middleware)

○  (Static)   prerendered as static content
ƒ  (Dynamic)  server-rendered on demand

[?25h⠙[1G[0K
